[0.025s][info][gc] Using G1
[0.030s][info][gc,init] Version: 17.0.1+12-LTS-39 (release)
[0.030s][info][gc,init] CPUs: 8 total, 8 available
[0.031s][info][gc,init] Memory: 15723M
[0.031s][info][gc,init] Large Page Support: Disabled
[0.031s][info][gc,init] NUMA Support: Disabled
[0.031s][info][gc,init] Compressed Oops: Enabled (Zero based)
[0.031s][info][gc,init] Heap Region Size: 2M
[0.031s][info][gc,init] Heap Min Capacity: 8M
[0.031s][info][gc,init] Heap Initial Capacity: 246M
[0.031s][info][gc,init] Heap Max Capacity: 3932M
[0.031s][info][gc,init] Pre-touch: Disabled
[0.031s][info][gc,init] Parallel Workers: 8
[0.031s][info][gc,init] Concurrent Workers: 2
[0.031s][info][gc,init] Concurrent Refinement Workers: 8
[0.031s][info][gc,init] Periodic GC: Disabled
[0.031s][info][gc,metaspace] CDS archive(s) mapped at: [0x0000000800000000-0x0000000800bdf000-0x0000000800bdf000), size 12447744, SharedBaseAddress: 0x0000000800000000, ArchiveRelocationMode: 0.
[0.031s][info][gc,metaspace] Compressed class space mapped at: 0x0000000800c00000-0x0000000840c00000, reserved size: 1073741824
[0.031s][info][gc,metaspace] Narrow klass base: 0x0000000800000000, Narrow klass shift: 0, Narrow klass range: 0x100000000
[52,713s][info][gc,heap,exit] Heap
[52,713s][info][gc,heap,exit]  garbage-first heap   total 256000K, used 24548K [0x000000070a400000, 0x0000000800000000)
[52,713s][info][gc,heap,exit]   region size 2048K, 11 young (22528K), 0 survivors (0K)
[52,713s][info][gc,heap,exit]  Metaspace       used 7242K, committed 7424K, reserved 1056768K
[52,713s][info][gc,heap,exit]   class space    used 860K, committed 960K, reserved 1048576K
