[0.029s][info][gc] Using G1
[0.033s][info][gc,init] Version: 17.0.1+12-LTS-39 (release)
[0.033s][info][gc,init] CPUs: 8 total, 8 available
[0.033s][info][gc,init] Memory: 15723M
[0.033s][info][gc,init] Large Page Support: Disabled
[0.033s][info][gc,init] NUMA Support: Disabled
[0.033s][info][gc,init] Compressed Oops: Enabled (32-bit)
[0.033s][info][gc,init] Heap Region Size: 1M
[0.033s][info][gc,init] Heap Min Capacity: 64M
[0.033s][info][gc,init] Heap Initial Capacity: 64M
[0.033s][info][gc,init] Heap Max Capacity: 1G
[0.033s][info][gc,init] Pre-touch: Disabled
[0.033s][info][gc,init] Parallel Workers: 8
[0.033s][info][gc,init] Concurrent Workers: 2
[0.033s][info][gc,init] Concurrent Refinement Workers: 8
[0.033s][info][gc,init] Periodic GC: Disabled
[0.033s][info][gc,metaspace] CDS archive(s) mapped at: [0x0000000800000000-0x0000000800bdf000-0x0000000800bdf000), size 12447744, SharedBaseAddress: 0x0000000800000000, ArchiveRelocationMode: 0.
[0.033s][info][gc,metaspace] Compressed class space mapped at: 0x0000000800c00000-0x0000000840c00000, reserved size: 1073741824
[0.033s][info][gc,metaspace] Narrow klass base: 0x0000000800000000, Narrow klass shift: 0, Narrow klass range: 0x100000000
[18,408s][info][gc,start    ] GC(0) Pause Young (Normal) (G1 Evacuation Pause)
[18,408s][info][gc,task     ] GC(0) Using 4 workers of 8 for evacuation
[18,411s][info][gc,phases   ] GC(0)   Pre Evacuate Collection Set: 0,0ms
[18,411s][info][gc,phases   ] GC(0)   Merge Heap Roots: 0,0ms
[18,411s][info][gc,phases   ] GC(0)   Evacuate Collection Set: 3,0ms
[18,411s][info][gc,phases   ] GC(0)   Post Evacuate Collection Set: 0,4ms
[18,411s][info][gc,phases   ] GC(0)   Other: 0,3ms
[18,411s][info][gc,heap     ] GC(0) Eden regions: 23->0(26)
[18,411s][info][gc,heap     ] GC(0) Survivor regions: 0->3(3)
[18,411s][info][gc,heap     ] GC(0) Old regions: 0->2
[18,411s][info][gc,heap     ] GC(0) Archive regions: 2->2
[18,411s][info][gc,heap     ] GC(0) Humongous regions: 0->0
[18,411s][info][gc,metaspace] GC(0) Metaspace: 8126K(8320K)->8126K(8320K) NonClass: 7174K(7232K)->7174K(7232K) Class: 952K(1088K)->952K(1088K)
[18,411s][info][gc          ] GC(0) Pause Young (Normal) (G1 Evacuation Pause) 23M->5M(66M) 3,813ms
[18,411s][info][gc,cpu      ] GC(0) User=0,01s Sys=0,01s Real=0,00s
[19,920s][info][gc,start    ] GC(1) Pause Young (Normal) (G1 Evacuation Pause)
[19,920s][info][gc,task     ] GC(1) Using 4 workers of 8 for evacuation
[19,932s][info][gc,phases   ] GC(1)   Pre Evacuate Collection Set: 0,1ms
[19,932s][info][gc,phases   ] GC(1)   Merge Heap Roots: 0,1ms
[19,932s][info][gc,phases   ] GC(1)   Evacuate Collection Set: 10,9ms
[19,932s][info][gc,phases   ] GC(1)   Post Evacuate Collection Set: 0,4ms
[19,932s][info][gc,phases   ] GC(1)   Other: 0,4ms
[19,932s][info][gc,heap     ] GC(1) Eden regions: 26->0(37)
[19,932s][info][gc,heap     ] GC(1) Survivor regions: 3->1(4)
[19,932s][info][gc,heap     ] GC(1) Old regions: 2->5
[19,932s][info][gc,heap     ] GC(1) Archive regions: 2->2
[19,932s][info][gc,heap     ] GC(1) Humongous regions: 0->0
[19,932s][info][gc,metaspace] GC(1) Metaspace: 8543K(8768K)->8543K(8768K) NonClass: 7590K(7680K)->7590K(7680K) Class: 953K(1088K)->953K(1088K)
[19,932s][info][gc          ] GC(1) Pause Young (Normal) (G1 Evacuation Pause) 31M->5M(66M) 11,968ms
[19,932s][info][gc,cpu      ] GC(1) User=0,03s Sys=0,00s Real=0,01s
[21,545s][info][gc,start    ] GC(2) Pause Young (Normal) (G1 Evacuation Pause)
[21,545s][info][gc,task     ] GC(2) Using 4 workers of 8 for evacuation
[21,545s][info][gc,phases   ] GC(2)   Pre Evacuate Collection Set: 0,0ms
[21,545s][info][gc,phases   ] GC(2)   Merge Heap Roots: 0,0ms
[21,545s][info][gc,phases   ] GC(2)   Evacuate Collection Set: 0,3ms
[21,545s][info][gc,phases   ] GC(2)   Post Evacuate Collection Set: 0,1ms
[21,545s][info][gc,phases   ] GC(2)   Other: 0,1ms
[21,545s][info][gc,heap     ] GC(2) Eden regions: 37->0(37)
[21,545s][info][gc,heap     ] GC(2) Survivor regions: 1->1(5)
[21,545s][info][gc,heap     ] GC(2) Old regions: 5->5
[21,545s][info][gc,heap     ] GC(2) Archive regions: 2->2
[21,545s][info][gc,heap     ] GC(2) Humongous regions: 0->0
[21,545s][info][gc,metaspace] GC(2) Metaspace: 8543K(8768K)->8543K(8768K) NonClass: 7590K(7680K)->7590K(7680K) Class: 953K(1088K)->953K(1088K)
[21,545s][info][gc          ] GC(2) Pause Young (Normal) (G1 Evacuation Pause) 42M->5M(66M) 0,604ms
[21,545s][info][gc,cpu      ] GC(2) User=0,01s Sys=0,00s Real=0,00s
